2022-10-06 23:07:23,096:MemoryController :¿ªÊ¼ÄÚ´æ³õÊ¼»¯...
2022-10-06 23:07:23,113:Memory :³õÊ¼»¯BMTÊ÷µÄÊ±¼ä¿ªÏúÎª£º0:00:00.015064£¨Êµ¼ÊÊ±¼ä£©
2022-10-06 23:07:23,113:Memory :±¾´Î·ÂÕæÄÚ´æ´óĞ¡Îª£º256.0KB
2022-10-06 23:07:23,114:Memory :counterµÄÄÚ´æ¿ªÏúÎª£º4.0KB, Õ¼ÄÚ´æ´óĞ¡µÄ1.56% 
2022-10-06 23:07:23,114:Memory :data HMACµÄÄÚ´æ¿ªÏúÎª£º32.0KB, Õ¼ÄÚ´æ´óĞ¡µÄ12.50% 
2022-10-06 23:07:23,114:Memory :BMTÊ÷µÄÄÚ´æ¿ªÏúÎª£º512B, BMTÊ÷µÄ¸ß¶ÈÎª£º3²ã, Õ¼ÄÚ´æ´óĞ¡µÄ0.20%
2022-10-06 23:07:23,114:MemoryController :ÄÚ´æ³õÊ¼»¯Íê³É...
2022-10-06 23:07:23,114:MemoryController :¿ªÊ¼»º´æ³õÊ¼»¯...
2022-10-06 23:07:23,115:MemoryController :dataL2_cacheµÄ´óĞ¡ÉèÖÃÎª64B£¬¾ßÌå²ÎÊıÎª£ºB=64£¬S=1£¬E=1
2022-10-06 23:07:23,115:MemoryController :counter_cacheµÄ´óĞ¡ÉèÖÃÎª64B, ¾ßÌå²ÎÊıÎª£ºB=64£¬S=1£¬E=1
2022-10-06 23:07:23,116:MemoryController :BMT_cacheµÄ´óĞ¡ÉèÖÃÎª64B, ¾ßÌå²ÎÊıÎª£ºB=64£¬S=1£¬E=1
2022-10-06 23:07:23,116:MemoryController :»º´æ³õÊ¼»¯Íê³É...
2022-10-06 23:07:23,116:MemoryController :¿ªÊ¼³õÊ¼»¯¼ÓÃÜ...
2022-10-06 23:07:23,425:MemoryController :³õÊ¼»¯¼ÓÃÜÍê³É...
2022-10-06 23:07:23,426:benchmark :¿ªÊ¼ÔËĞĞbenchmark1...
2022-10-06 23:07:23,426:MemoryController :load(0)...
2022-10-06 23:07:23,426:MemoryController :data»º´æÎ´ÃüÖĞ£¬´ÓNVMÖĞ¶ÁÈ¡...
2022-10-06 23:07:23,426:MemoryController :¿ªÊ¼»ñÈ¡counter
2022-10-06 23:07:23,426:MemoryController :½«data_addr:0×ª»»Îªcounter_addr:0
2022-10-06 23:07:23,426:MemoryController :counter»º´æÎ´ÃüÖĞ£¬´ÓNVMÖĞ»ñÈ¡
2022-10-06 23:07:23,426:MemoryController :´ÓNVMÖĞ»ñÈ¡µÄcounter blockÄÚÈİÈçÏÂ£º
2022-10-06 23:07:23,426:MemoryController :00000000000000000000000000000000000000000000000000000000000000000
2022-10-06 23:07:23,426:MemoryController :¿ªÊ¼ÑéÖ¤counter...
2022-10-06 23:07:23,439:MemoryController :BMTÊ÷ÑéÖ¤counter³É¹¦
2022-10-06 23:07:23,439:MemoryController :BMTÊ÷ÑéÖ¤counter³É¹¦
2022-10-06 23:07:23,439:MemoryController :counterÑéÖ¤Í¨¹ı...
2022-10-06 23:07:23,439:MemoryController :¿ªÊ¼½«counter²åÈë»º´æ...
2022-10-06 23:07:23,439:MemoryController :ÕÒµ½¿ÕÏĞĞĞ£¬½«counter block²åÈëcounter_cacheµÄµÚ0×é£¬µÚ0ĞĞ
2022-10-06 23:07:23,439:MemoryController :counter²åÈë»º´æ½áÊø...
2022-10-06 23:07:23,439:MemoryController :³É¹¦»ñÈ¡counter£¬´òÓ¡counterÖµÈçÏÂ£ºmajor counter:0, minor counter:0
2022-10-06 23:07:23,440:MemoryController :´ÓNVMÖĞ¶ÁÈ¡ÃÜÎÄ£ºj~SdDt}yYrj@V|dZy@H~}TQuE	GYqEUA^cCQGAj{g`JYsB
2022-10-06 23:07:23,440:MemoryController :´ÓNVMÖĞ¶ÁÈ¡dataHMAC£º58fca48dbf065cdad7cc24e351cf1959cc93e9e1e06c214b682511b91941181b
2022-10-06 23:07:23,440:MemoryController :¿ªÊ¼½øĞĞdataHMACÑéÖ¤...
2022-10-06 23:07:23,440:MemoryController :CPU¼ÆËãdataHMAC£º58fca48dbf065cdad7cc24e351cf1959cc93e9e1e06c214b682511b91941181b
2022-10-06 23:07:23,440:MemoryController :dataHMACÑéÖ¤Í¨¹ı...
2022-10-06 23:07:23,440:MemoryController :¿ªÊ¼½âÃÜ...
2022-10-06 23:07:23,440:MemoryController :½âÃÜÍê³É£¬Ã÷ÎÄĞÅÏ¢Îª£º0000000000000000000000000000000000000000000000000000000000000000
2022-10-06 23:07:23,440:MemoryController :¿ªÊ¼½«½âÃÜºóµÄÃ÷ÎÄÊı¾İ²åÈëdata»º´æ...
2022-10-06 23:07:23,440:MemoryController :ÕÒµ½¿ÕÏĞĞĞ£¬½«Êı¾İ²åÈëdataL2_cahceµÄµÚ0×é£¬µÚ0ĞĞ
2022-10-06 23:07:23,440:MemoryController :Êı¾İ²åÈë»º´æ½áÊø...
2022-10-06 23:07:23,440:MemoryController :½«Êı¾İ·µ»Ø¸øCPU:0000000000000000000000000000000000000000000000000000000000000000
2022-10-06 23:07:23,440:MemoryController :load(0)³É¹¦...
2022-10-06 23:07:23,440:MemoryController :load(32768)...
2022-10-06 23:07:23,440:MemoryController :data»º´æÎ´ÃüÖĞ£¬´ÓNVMÖĞ¶ÁÈ¡...
2022-10-06 23:07:23,440:MemoryController :¿ªÊ¼»ñÈ¡counter
2022-10-06 23:07:23,441:MemoryController :½«data_addr:32768×ª»»Îªcounter_addr:512
2022-10-06 23:07:23,441:MemoryController :counter»º´æÎ´ÃüÖĞ£¬´ÓNVMÖĞ»ñÈ¡
2022-10-06 23:07:23,441:MemoryController :´ÓNVMÖĞ»ñÈ¡µÄcounter blockÄÚÈİÈçÏÂ£º
2022-10-06 23:07:23,441:MemoryController :00000000000000000000000000000000000000000000000000000000000000000
2022-10-06 23:07:23,441:MemoryController :¿ªÊ¼ÑéÖ¤counter...
2022-10-06 23:07:23,455:MemoryController :BMTÊ÷ÑéÖ¤counter³É¹¦
2022-10-06 23:07:23,455:MemoryController :BMTÊ÷ÑéÖ¤counter³É¹¦
2022-10-06 23:07:23,455:MemoryController :counterÑéÖ¤Í¨¹ı...
2022-10-06 23:07:23,455:MemoryController :¿ªÊ¼½«counter²åÈë»º´æ...
2022-10-06 23:07:23,455:MemoryController :Î´ÕÒµ½¿ÕÏĞĞĞ£¬½«ÇıÖğµÚ0×éµÚ0ĞĞ£¬ÇıÖğĞĞµ±Ç°dirty±ê¼ÇÎª0
2022-10-06 23:07:23,456:MemoryController :counter²åÈë»º´æ½áÊø...
2022-10-06 23:07:23,456:MemoryController :³É¹¦»ñÈ¡counter£¬´òÓ¡counterÖµÈçÏÂ£ºmajor counter:0, minor counter:0
2022-10-06 23:07:23,456:MemoryController :´ÓNVMÖĞ¶ÁÈ¡ÃÜÎÄ£ºj~SdDt}yYrj@V|dZy@H~}TQuE	GYqEUA^cCQGAj{g`JYsB
2022-10-06 23:07:23,456:MemoryController :´ÓNVMÖĞ¶ÁÈ¡dataHMAC£ºc8e2223541b8794bceefdccd13df45c3698bf440edc60b652d806b7d200820e0
2022-10-06 23:07:23,456:MemoryController :¿ªÊ¼½øĞĞdataHMACÑéÖ¤...
2022-10-06 23:07:23,456:MemoryController :CPU¼ÆËãdataHMAC£ºc8e2223541b8794bceefdccd13df45c3698bf440edc60b652d806b7d200820e0
2022-10-06 23:07:23,456:MemoryController :dataHMACÑéÖ¤Í¨¹ı...
2022-10-06 23:07:23,456:MemoryController :¿ªÊ¼½âÃÜ...
2022-10-06 23:07:23,456:MemoryController :½âÃÜÍê³É£¬Ã÷ÎÄĞÅÏ¢Îª£º0000000000000000000000000000000000000000000000000000000000000000
2022-10-06 23:07:23,456:MemoryController :¿ªÊ¼½«½âÃÜºóµÄÃ÷ÎÄÊı¾İ²åÈëdata»º´æ...
2022-10-06 23:07:23,456:MemoryController :Î´ÕÒµ½¿ÕÏĞĞĞ£¬ĞèÒªÇıÖğµÚ0×é£¬µÚ0ĞĞ£¬ÇıÖğĞĞµ±Ç°dirty×´Ì¬Îª£º0
2022-10-06 23:07:23,456:MemoryController :Êı¾İ²åÈë»º´æ½áÊø...
2022-10-06 23:07:23,456:MemoryController :½«Êı¾İ·µ»Ø¸øCPU:0000000000000000000000000000000000000000000000000000000000000000
2022-10-06 23:07:23,457:MemoryController :load(32768)³É¹¦...
2022-10-06 23:07:23,457:benchmark :benchmark1ºÄÊ±£º0:00:00.030898
2022-10-06 23:07:32,893:MemoryController :¿ªÊ¼ÄÚ´æ³õÊ¼»¯...
2022-10-06 23:07:32,952:Memory :³õÊ¼»¯BMTÊ÷µÄÊ±¼ä¿ªÏúÎª£º0:00:00.045884£¨Êµ¼ÊÊ±¼ä£©
2022-10-06 23:07:32,953:Memory :±¾´Î·ÂÕæÄÚ´æ´óĞ¡Îª£º2.0MB
2022-10-06 23:07:32,953:Memory :counterµÄÄÚ´æ¿ªÏúÎª£º32.0KB, Õ¼ÄÚ´æ´óĞ¡µÄ1.56% 
2022-10-06 23:07:32,953:Memory :data HMACµÄÄÚ´æ¿ªÏúÎª£º256.0KB, Õ¼ÄÚ´æ´óĞ¡µÄ12.50% 
2022-10-06 23:07:32,953:Memory :BMTÊ÷µÄÄÚ´æ¿ªÏúÎª£º4.5KB, BMTÊ÷µÄ¸ß¶ÈÎª£º4²ã, Õ¼ÄÚ´æ´óĞ¡µÄ0.22%
2022-10-06 23:07:32,953:MemoryController :ÄÚ´æ³õÊ¼»¯Íê³É...
2022-10-06 23:07:32,953:MemoryController :¿ªÊ¼»º´æ³õÊ¼»¯...
2022-10-06 23:07:32,953:MemoryController :dataL2_cacheµÄ´óĞ¡ÉèÖÃÎª64B£¬¾ßÌå²ÎÊıÎª£ºB=64£¬S=1£¬E=1
2022-10-06 23:07:32,953:MemoryController :counter_cacheµÄ´óĞ¡ÉèÖÃÎª64B, ¾ßÌå²ÎÊıÎª£ºB=64£¬S=1£¬E=1
2022-10-06 23:07:32,953:MemoryController :BMT_cacheµÄ´óĞ¡ÉèÖÃÎª64B, ¾ßÌå²ÎÊıÎª£ºB=64£¬S=1£¬E=1
2022-10-06 23:07:32,953:MemoryController :»º´æ³õÊ¼»¯Íê³É...
2022-10-06 23:07:32,953:MemoryController :¿ªÊ¼³õÊ¼»¯¼ÓÃÜ...
2022-10-06 23:07:35,383:MemoryController :³õÊ¼»¯¼ÓÃÜÍê³É...
2022-10-06 23:07:35,383:benchmark :¿ªÊ¼ÔËĞĞbenchmark1...
2022-10-06 23:07:35,383:MemoryController :load(0)...
2022-10-06 23:07:35,383:MemoryController :data»º´æÎ´ÃüÖĞ£¬´ÓNVMÖĞ¶ÁÈ¡...
2022-10-06 23:07:35,383:MemoryController :¿ªÊ¼»ñÈ¡counter
2022-10-06 23:07:35,383:MemoryController :½«data_addr:0×ª»»Îªcounter_addr:0
2022-10-06 23:07:35,383:MemoryController :counter»º´æÎ´ÃüÖĞ£¬´ÓNVMÖĞ»ñÈ¡
2022-10-06 23:07:35,383:MemoryController :´ÓNVMÖĞ»ñÈ¡µÄcounter blockÄÚÈİÈçÏÂ£º
2022-10-06 23:07:35,383:MemoryController :00000000000000000000000000000000000000000000000000000000000000000
2022-10-06 23:07:35,383:MemoryController :¿ªÊ¼ÑéÖ¤counter...
2022-10-06 23:07:35,386:MemoryController :BMTÑéÖ¤Ê§°Ü£¬Ê§°Ü½ÚµãµØÖ·Îª:0
2022-10-06 23:16:28,207:MemoryController :¿ªÊ¼ÄÚ´æ³õÊ¼»¯...
2022-10-06 23:16:28,302:Memory :³õÊ¼»¯BMTÊ÷µÄÊ±¼ä¿ªÏúÎª£º0:00:00.063388£¨Êµ¼ÊÊ±¼ä£©
2022-10-06 23:16:28,303:Memory :±¾´Î·ÂÕæÄÚ´æ´óĞ¡Îª£º2.0MB
2022-10-06 23:16:28,303:Memory :counterµÄÄÚ´æ¿ªÏúÎª£º32.0KB, Õ¼ÄÚ´æ´óĞ¡µÄ1.56% 
2022-10-06 23:16:28,303:Memory :data HMACµÄÄÚ´æ¿ªÏúÎª£º256.0KB, Õ¼ÄÚ´æ´óĞ¡µÄ12.50% 
2022-10-06 23:16:28,303:Memory :BMTÊ÷µÄÄÚ´æ¿ªÏúÎª£º4.5KB, BMTÊ÷µÄ¸ß¶ÈÎª£º4²ã, Õ¼ÄÚ´æ´óĞ¡µÄ0.22%
2022-10-06 23:16:28,303:MemoryController :ÄÚ´æ³õÊ¼»¯Íê³É...
2022-10-06 23:16:28,303:MemoryController :¿ªÊ¼»º´æ³õÊ¼»¯...
2022-10-06 23:16:28,303:MemoryController :dataL2_cacheµÄ´óĞ¡ÉèÖÃÎª64B£¬¾ßÌå²ÎÊıÎª£ºB=64£¬S=1£¬E=1
2022-10-06 23:16:28,303:MemoryController :counter_cacheµÄ´óĞ¡ÉèÖÃÎª64B, ¾ßÌå²ÎÊıÎª£ºB=64£¬S=1£¬E=1
2022-10-06 23:16:28,303:MemoryController :BMT_cacheµÄ´óĞ¡ÉèÖÃÎª64B, ¾ßÌå²ÎÊıÎª£ºB=64£¬S=1£¬E=1
2022-10-06 23:16:28,303:MemoryController :»º´æ³õÊ¼»¯Íê³É...
2022-10-06 23:16:28,304:MemoryController :¿ªÊ¼³õÊ¼»¯¼ÓÃÜ...
2022-10-06 23:16:30,921:MemoryController :³õÊ¼»¯¼ÓÃÜÍê³É...
2022-10-06 23:16:30,921:MemoryController :³õÊ¼»¯¼ÓÃÜºÄÊ±£º0:00:02.617762£¨Êµ¼ÊÊ±¼ä£©
2022-10-06 23:16:30,921:benchmark :¿ªÊ¼ÔËĞĞbenchmark1...
2022-10-06 23:16:30,921:MemoryController :load(0)...
2022-10-06 23:16:30,921:MemoryController :data»º´æÎ´ÃüÖĞ£¬´ÓNVMÖĞ¶ÁÈ¡...
2022-10-06 23:16:30,921:MemoryController :¿ªÊ¼»ñÈ¡counter
2022-10-06 23:16:30,921:MemoryController :½«data_addr:0×ª»»Îªcounter_addr:0
2022-10-06 23:16:30,921:MemoryController :counter»º´æÎ´ÃüÖĞ£¬´ÓNVMÖĞ»ñÈ¡
2022-10-06 23:16:30,922:MemoryController :´ÓNVMÖĞ»ñÈ¡µÄcounter blockÄÚÈİÈçÏÂ£º
2022-10-06 23:16:30,922:MemoryController :00000000000000000000000000000000000000000000000000000000000000000
2022-10-06 23:16:30,922:MemoryController :¿ªÊ¼ÑéÖ¤counter...
2022-10-06 23:16:30,933:MemoryController :BMTÑéÖ¤Ê§°Ü£¬Ê§°Ü½ÚµãµØÖ·Îª:0
2022-10-06 23:16:52,548:MemoryController :¿ªÊ¼ÄÚ´æ³õÊ¼»¯...
2022-10-06 23:16:52,648:Memory :³õÊ¼»¯BMTÊ÷µÄÊ±¼ä¿ªÏúÎª£º0:00:00.076825£¨Êµ¼ÊÊ±¼ä£©
2022-10-06 23:16:52,648:Memory :±¾´Î·ÂÕæÄÚ´æ´óĞ¡Îª£º2.0MB
2022-10-06 23:16:52,648:Memory :counterµÄÄÚ´æ¿ªÏúÎª£º32.0KB, Õ¼ÄÚ´æ´óĞ¡µÄ1.56% 
2022-10-06 23:16:52,649:Memory :data HMACµÄÄÚ´æ¿ªÏúÎª£º256.0KB, Õ¼ÄÚ´æ´óĞ¡µÄ12.50% 
2022-10-06 23:16:52,649:Memory :BMTÊ÷µÄÄÚ´æ¿ªÏúÎª£º4.5KB, BMTÊ÷µÄ¸ß¶ÈÎª£º4²ã, Õ¼ÄÚ´æ´óĞ¡µÄ0.22%
2022-10-06 23:16:52,649:MemoryController :ÄÚ´æ³õÊ¼»¯Íê³É...
2022-10-06 23:16:52,649:MemoryController :¿ªÊ¼»º´æ³õÊ¼»¯...
2022-10-06 23:16:52,649:MemoryController :dataL2_cacheµÄ´óĞ¡ÉèÖÃÎª64B£¬¾ßÌå²ÎÊıÎª£ºB=64£¬S=1£¬E=1
2022-10-06 23:16:52,649:MemoryController :counter_cacheµÄ´óĞ¡ÉèÖÃÎª64B, ¾ßÌå²ÎÊıÎª£ºB=64£¬S=1£¬E=1
2022-10-06 23:16:52,649:MemoryController :BMT_cacheµÄ´óĞ¡ÉèÖÃÎª64B, ¾ßÌå²ÎÊıÎª£ºB=64£¬S=1£¬E=1
2022-10-06 23:16:52,649:MemoryController :»º´æ³õÊ¼»¯Íê³É...
2022-10-06 23:16:52,649:MemoryController :¿ªÊ¼³õÊ¼»¯¼ÓÃÜ...
2022-10-06 23:16:55,097:MemoryController :³õÊ¼»¯¼ÓÃÜÍê³É...
2022-10-06 23:16:55,097:MemoryController :³õÊ¼»¯¼ÓÃÜºÄÊ±£º0:00:02.447815£¨Êµ¼ÊÊ±¼ä£©
2022-10-06 23:16:55,097:benchmark :¿ªÊ¼ÔËĞĞbenchmark1...
2022-10-06 23:16:55,097:MemoryController :load(0)...
2022-10-06 23:16:55,097:MemoryController :data»º´æÎ´ÃüÖĞ£¬´ÓNVMÖĞ¶ÁÈ¡...
2022-10-06 23:16:55,097:MemoryController :¿ªÊ¼»ñÈ¡counter
2022-10-06 23:16:55,097:MemoryController :½«data_addr:0×ª»»Îªcounter_addr:0
2022-10-06 23:16:55,097:MemoryController :counter»º´æÎ´ÃüÖĞ£¬´ÓNVMÖĞ»ñÈ¡
2022-10-06 23:16:55,097:MemoryController :´ÓNVMÖĞ»ñÈ¡µÄcounter blockÄÚÈİÈçÏÂ£º
2022-10-06 23:16:55,097:MemoryController :00000000000000000000000000000000000000000000000000000000000000000
2022-10-06 23:16:55,098:MemoryController :¿ªÊ¼ÑéÖ¤counter...
2022-10-06 23:16:55,103:MemoryController :BMTÑéÖ¤Ê§°Ü£¬Ê§°Ü½ÚµãµØÖ·Îª:0
2022-10-06 23:20:42,012:MemoryController :¿ªÊ¼ÄÚ´æ³õÊ¼»¯...
2022-10-06 23:20:42,041:Memory :³õÊ¼»¯BMTÊ÷µÄÊ±¼ä¿ªÏúÎª£º0:00:00.025947£¨Êµ¼ÊÊ±¼ä£©
2022-10-06 23:20:42,041:Memory :±¾´Î·ÂÕæÄÚ´æ´óĞ¡Îª£º2.0MB
2022-10-06 23:20:42,042:Memory :counterµÄÄÚ´æ¿ªÏúÎª£º32.0KB, Õ¼ÄÚ´æ´óĞ¡µÄ1.56% 
2022-10-06 23:20:42,042:Memory :data HMACµÄÄÚ´æ¿ªÏúÎª£º256.0KB, Õ¼ÄÚ´æ´óĞ¡µÄ12.50% 
2022-10-06 23:20:42,042:Memory :BMTÊ÷µÄÄÚ´æ¿ªÏúÎª£º4.5KB, BMTÊ÷µÄ¸ß¶ÈÎª£º4²ã, Õ¼ÄÚ´æ´óĞ¡µÄ0.22%
2022-10-06 23:20:42,042:MemoryController :ÄÚ´æ³õÊ¼»¯Íê³É...
2022-10-06 23:20:42,042:MemoryController :¿ªÊ¼»º´æ³õÊ¼»¯...
2022-10-06 23:20:42,042:MemoryController :dataL2_cacheµÄ´óĞ¡ÉèÖÃÎª64B£¬¾ßÌå²ÎÊıÎª£ºB=64£¬S=1£¬E=1
2022-10-06 23:20:42,043:MemoryController :counter_cacheµÄ´óĞ¡ÉèÖÃÎª64B, ¾ßÌå²ÎÊıÎª£ºB=64£¬S=1£¬E=1
2022-10-06 23:20:42,043:MemoryController :BMT_cacheµÄ´óĞ¡ÉèÖÃÎª64B, ¾ßÌå²ÎÊıÎª£ºB=64£¬S=1£¬E=1
2022-10-06 23:20:42,043:MemoryController :»º´æ³õÊ¼»¯Íê³É...
2022-10-06 23:20:42,043:MemoryController :¿ªÊ¼³õÊ¼»¯¼ÓÃÜ...
2022-10-06 23:20:48,384:MemoryController :³õÊ¼»¯¼ÓÃÜÍê³É...
2022-10-06 23:20:48,385:MemoryController :³õÊ¼»¯¼ÓÃÜºÄÊ±£º0:00:06.341214£¨Êµ¼ÊÊ±¼ä£©
2022-10-06 23:20:48,385:benchmark :¿ªÊ¼ÔËĞĞbenchmark1...
2022-10-06 23:20:48,385:MemoryController :load(0)...
2022-10-06 23:20:48,385:MemoryController :data»º´æÎ´ÃüÖĞ£¬´ÓNVMÖĞ¶ÁÈ¡...
2022-10-06 23:20:48,385:MemoryController :¿ªÊ¼»ñÈ¡counter
2022-10-06 23:20:48,386:MemoryController :½«data_addr:0×ª»»Îªcounter_addr:0
2022-10-06 23:20:48,386:MemoryController :counter»º´æÎ´ÃüÖĞ£¬´ÓNVMÖĞ»ñÈ¡
2022-10-06 23:20:48,386:MemoryController :´ÓNVMÖĞ»ñÈ¡µÄcounter blockÄÚÈİÈçÏÂ£º
2022-10-06 23:20:48,386:MemoryController :00000000000000000000000000000000000000000000000000000000000000000
2022-10-06 23:20:48,387:MemoryController :¿ªÊ¼ÑéÖ¤counter...
2022-10-06 23:33:32,786:MemoryController :¿ªÊ¼ÄÚ´æ³õÊ¼»¯...
2022-10-06 23:33:32,907:Memory :³õÊ¼»¯BMTÊ÷µÄÊ±¼ä¿ªÏúÎª£º0:00:00.091509£¨Êµ¼ÊÊ±¼ä£©
2022-10-06 23:33:32,908:Memory :±¾´Î·ÂÕæÄÚ´æ´óĞ¡Îª£º2.0MB
2022-10-06 23:33:32,908:Memory :counterµÄÄÚ´æ¿ªÏúÎª£º32.0KB, Õ¼ÄÚ´æ´óĞ¡µÄ1.56% 
2022-10-06 23:33:32,908:Memory :data HMACµÄÄÚ´æ¿ªÏúÎª£º256.0KB, Õ¼ÄÚ´æ´óĞ¡µÄ12.50% 
2022-10-06 23:33:32,908:Memory :BMTÊ÷µÄÄÚ´æ¿ªÏúÎª£º4.5KB, BMTÊ÷µÄ¸ß¶ÈÎª£º4²ã, Õ¼ÄÚ´æ´óĞ¡µÄ0.22%
2022-10-06 23:33:32,908:MemoryController :ÄÚ´æ³õÊ¼»¯Íê³É...
2022-10-06 23:33:32,908:MemoryController :¿ªÊ¼»º´æ³õÊ¼»¯...
2022-10-06 23:33:32,908:MemoryController :dataL2_cacheµÄ´óĞ¡ÉèÖÃÎª64B£¬¾ßÌå²ÎÊıÎª£ºB=64£¬S=1£¬E=1
2022-10-06 23:33:32,909:MemoryController :counter_cacheµÄ´óĞ¡ÉèÖÃÎª64B, ¾ßÌå²ÎÊıÎª£ºB=64£¬S=1£¬E=1
2022-10-06 23:33:32,909:MemoryController :BMT_cacheµÄ´óĞ¡ÉèÖÃÎª64B, ¾ßÌå²ÎÊıÎª£ºB=64£¬S=1£¬E=1
2022-10-06 23:33:32,909:MemoryController :»º´æ³õÊ¼»¯Íê³É...
2022-10-06 23:33:32,909:MemoryController :¿ªÊ¼³õÊ¼»¯¼ÓÃÜ...
2022-10-06 23:33:35,310:MemoryController :³õÊ¼»¯¼ÓÃÜÍê³É...
2022-10-06 23:33:35,310:MemoryController :³õÊ¼»¯¼ÓÃÜºÄÊ±£º0:00:02.401107£¨Êµ¼ÊÊ±¼ä£©
2022-10-06 23:33:35,310:benchmark :¿ªÊ¼ÔËĞĞbenchmark1...
2022-10-06 23:33:35,310:MemoryController :load(0)...
2022-10-06 23:33:35,310:MemoryController :data»º´æÎ´ÃüÖĞ£¬´ÓNVMÖĞ¶ÁÈ¡...
2022-10-06 23:33:35,310:MemoryController :¿ªÊ¼»ñÈ¡counter
2022-10-06 23:33:35,310:MemoryController :½«data_addr:0×ª»»Îªcounter_addr:0
2022-10-06 23:33:35,310:MemoryController :counter»º´æÎ´ÃüÖĞ£¬´ÓNVMÖĞ»ñÈ¡
2022-10-06 23:33:35,310:MemoryController :´ÓNVMÖĞ»ñÈ¡µÄcounter blockÄÚÈİÈçÏÂ£º
2022-10-06 23:33:35,310:MemoryController :00000000000000000000000000000000000000000000000000000000000000000
2022-10-06 23:33:35,311:MemoryController :¿ªÊ¼ÑéÖ¤counter...
2022-10-06 23:33:35,319:MemoryController :BMTÑéÖ¤Ê§°Ü£¬Ê§°Ü½ÚµãµØÖ·Îª:0
2022-10-06 23:33:49,395:MemoryController :¿ªÊ¼ÄÚ´æ³õÊ¼»¯...
2022-10-06 23:33:49,515:Memory :³õÊ¼»¯BMTÊ÷µÄÊ±¼ä¿ªÏúÎª£º0:00:00.093589£¨Êµ¼ÊÊ±¼ä£©
2022-10-06 23:33:49,515:Memory :±¾´Î·ÂÕæÄÚ´æ´óĞ¡Îª£º2.0MB
2022-10-06 23:33:49,515:Memory :counterµÄÄÚ´æ¿ªÏúÎª£º32.0KB, Õ¼ÄÚ´æ´óĞ¡µÄ1.56% 
2022-10-06 23:33:49,515:Memory :data HMACµÄÄÚ´æ¿ªÏúÎª£º256.0KB, Õ¼ÄÚ´æ´óĞ¡µÄ12.50% 
2022-10-06 23:33:49,515:Memory :BMTÊ÷µÄÄÚ´æ¿ªÏúÎª£º4.5KB, BMTÊ÷µÄ¸ß¶ÈÎª£º4²ã, Õ¼ÄÚ´æ´óĞ¡µÄ0.22%
2022-10-06 23:33:49,516:MemoryController :ÄÚ´æ³õÊ¼»¯Íê³É...
2022-10-06 23:33:49,516:MemoryController :¿ªÊ¼»º´æ³õÊ¼»¯...
2022-10-06 23:33:49,516:MemoryController :dataL2_cacheµÄ´óĞ¡ÉèÖÃÎª64B£¬¾ßÌå²ÎÊıÎª£ºB=64£¬S=1£¬E=1
2022-10-06 23:33:49,516:MemoryController :counter_cacheµÄ´óĞ¡ÉèÖÃÎª64B, ¾ßÌå²ÎÊıÎª£ºB=64£¬S=1£¬E=1
2022-10-06 23:33:49,516:MemoryController :BMT_cacheµÄ´óĞ¡ÉèÖÃÎª64B, ¾ßÌå²ÎÊıÎª£ºB=64£¬S=1£¬E=1
2022-10-06 23:33:49,516:MemoryController :»º´æ³õÊ¼»¯Íê³É...
2022-10-06 23:33:49,516:MemoryController :¿ªÊ¼³õÊ¼»¯¼ÓÃÜ...
2022-10-06 23:33:51,911:MemoryController :³õÊ¼»¯¼ÓÃÜÍê³É...
2022-10-06 23:33:51,911:MemoryController :³õÊ¼»¯¼ÓÃÜºÄÊ±£º0:00:02.394933£¨Êµ¼ÊÊ±¼ä£©
2022-10-06 23:33:51,911:benchmark :¿ªÊ¼ÔËĞĞbenchmark1...
2022-10-06 23:33:51,911:MemoryController :load(0)...
2022-10-06 23:33:51,911:MemoryController :data»º´æÎ´ÃüÖĞ£¬´ÓNVMÖĞ¶ÁÈ¡...
2022-10-06 23:33:51,911:MemoryController :¿ªÊ¼»ñÈ¡counter
2022-10-06 23:33:51,912:MemoryController :½«data_addr:0×ª»»Îªcounter_addr:0
2022-10-06 23:33:51,912:MemoryController :counter»º´æÎ´ÃüÖĞ£¬´ÓNVMÖĞ»ñÈ¡
2022-10-06 23:33:51,912:MemoryController :´ÓNVMÖĞ»ñÈ¡µÄcounter blockÄÚÈİÈçÏÂ£º
2022-10-06 23:33:51,912:MemoryController :00000000000000000000000000000000000000000000000000000000000000000
2022-10-06 23:33:51,912:MemoryController :¿ªÊ¼ÑéÖ¤counter...
2022-10-06 23:33:51,919:MemoryController :BMTÑéÖ¤Ê§°Ü£¬Ê§°Ü½ÚµãµØÖ·Îª:0
2022-10-06 23:33:55,545:MemoryController :¿ªÊ¼ÄÚ´æ³õÊ¼»¯...
2022-10-06 23:33:55,575:Memory :³õÊ¼»¯BMTÊ÷µÄÊ±¼ä¿ªÏúÎª£º0:00:00.026937£¨Êµ¼ÊÊ±¼ä£©
2022-10-06 23:33:55,575:Memory :±¾´Î·ÂÕæÄÚ´æ´óĞ¡Îª£º2.0MB
2022-10-06 23:33:55,576:Memory :counterµÄÄÚ´æ¿ªÏúÎª£º32.0KB, Õ¼ÄÚ´æ´óĞ¡µÄ1.56% 
2022-10-06 23:33:55,576:Memory :data HMACµÄÄÚ´æ¿ªÏúÎª£º256.0KB, Õ¼ÄÚ´æ´óĞ¡µÄ12.50% 
2022-10-06 23:33:55,576:Memory :BMTÊ÷µÄÄÚ´æ¿ªÏúÎª£º4.5KB, BMTÊ÷µÄ¸ß¶ÈÎª£º4²ã, Õ¼ÄÚ´æ´óĞ¡µÄ0.22%
2022-10-06 23:33:55,576:MemoryController :ÄÚ´æ³õÊ¼»¯Íê³É...
2022-10-06 23:33:55,576:MemoryController :¿ªÊ¼»º´æ³õÊ¼»¯...
2022-10-06 23:33:55,577:MemoryController :dataL2_cacheµÄ´óĞ¡ÉèÖÃÎª64B£¬¾ßÌå²ÎÊıÎª£ºB=64£¬S=1£¬E=1
2022-10-06 23:33:55,577:MemoryController :counter_cacheµÄ´óĞ¡ÉèÖÃÎª64B, ¾ßÌå²ÎÊıÎª£ºB=64£¬S=1£¬E=1
2022-10-06 23:33:55,577:MemoryController :BMT_cacheµÄ´óĞ¡ÉèÖÃÎª64B, ¾ßÌå²ÎÊıÎª£ºB=64£¬S=1£¬E=1
2022-10-06 23:33:55,577:MemoryController :»º´æ³õÊ¼»¯Íê³É...
2022-10-06 23:33:55,578:MemoryController :¿ªÊ¼³õÊ¼»¯¼ÓÃÜ...
2022-10-06 23:34:02,079:MemoryController :³õÊ¼»¯¼ÓÃÜÍê³É...
2022-10-06 23:34:02,080:MemoryController :³õÊ¼»¯¼ÓÃÜºÄÊ±£º0:00:06.501002£¨Êµ¼ÊÊ±¼ä£©
2022-10-06 23:34:02,080:benchmark :¿ªÊ¼ÔËĞĞbenchmark1...
2022-10-06 23:34:02,080:MemoryController :load(0)...
2022-10-06 23:34:02,080:MemoryController :data»º´æÎ´ÃüÖĞ£¬´ÓNVMÖĞ¶ÁÈ¡...
2022-10-06 23:34:02,080:MemoryController :¿ªÊ¼»ñÈ¡counter
2022-10-06 23:34:02,081:MemoryController :½«data_addr:0×ª»»Îªcounter_addr:0
2022-10-06 23:34:02,081:MemoryController :counter»º´æÎ´ÃüÖĞ£¬´ÓNVMÖĞ»ñÈ¡
2022-10-06 23:34:02,081:MemoryController :´ÓNVMÖĞ»ñÈ¡µÄcounter blockÄÚÈİÈçÏÂ£º
2022-10-06 23:34:02,081:MemoryController :00000000000000000000000000000000000000000000000000000000000000000
2022-10-06 23:34:02,081:MemoryController :¿ªÊ¼ÑéÖ¤counter...
2022-10-06 23:40:06,236:MemoryController :¿ªÊ¼ÄÚ´æ³õÊ¼»¯...
2022-10-06 23:40:06,340:Memory :³õÊ¼»¯BMTÊ÷µÄÊ±¼ä¿ªÏúÎª£º0:00:00.078242£¨Êµ¼ÊÊ±¼ä£©
2022-10-06 23:40:06,340:Memory :±¾´Î·ÂÕæÄÚ´æ´óĞ¡Îª£º2.0MB
2022-10-06 23:40:06,341:Memory :counterµÄÄÚ´æ¿ªÏúÎª£º32.0KB, Õ¼ÄÚ´æ´óĞ¡µÄ1.56% 
2022-10-06 23:40:06,341:Memory :data HMACµÄÄÚ´æ¿ªÏúÎª£º256.0KB, Õ¼ÄÚ´æ´óĞ¡µÄ12.50% 
2022-10-06 23:40:06,341:Memory :BMTÊ÷µÄÄÚ´æ¿ªÏúÎª£º4.5KB, BMTÊ÷µÄ¸ß¶ÈÎª£º4²ã, Õ¼ÄÚ´æ´óĞ¡µÄ0.22%
2022-10-06 23:40:06,341:MemoryController :ÄÚ´æ³õÊ¼»¯Íê³É...
2022-10-06 23:40:06,341:MemoryController :¿ªÊ¼»º´æ³õÊ¼»¯...
2022-10-06 23:40:06,341:MemoryController :dataL2_cacheµÄ´óĞ¡ÉèÖÃÎª64B£¬¾ßÌå²ÎÊıÎª£ºB=64£¬S=1£¬E=1
2022-10-06 23:40:06,341:MemoryController :counter_cacheµÄ´óĞ¡ÉèÖÃÎª64B, ¾ßÌå²ÎÊıÎª£ºB=64£¬S=1£¬E=1
2022-10-06 23:40:06,341:MemoryController :BMT_cacheµÄ´óĞ¡ÉèÖÃÎª64B, ¾ßÌå²ÎÊıÎª£ºB=64£¬S=1£¬E=1
2022-10-06 23:40:06,341:MemoryController :»º´æ³õÊ¼»¯Íê³É...
2022-10-06 23:40:06,341:MemoryController :¿ªÊ¼³õÊ¼»¯¼ÓÃÜ...
2022-10-06 23:40:08,775:MemoryController :³õÊ¼»¯¼ÓÃÜÍê³É...
2022-10-06 23:40:08,775:MemoryController :³õÊ¼»¯¼ÓÃÜºÄÊ±£º0:00:02.433820£¨Êµ¼ÊÊ±¼ä£©
2022-10-06 23:40:08,775:benchmark :¿ªÊ¼ÔËĞĞbenchmark1...
2022-10-06 23:40:08,775:MemoryController :load(0)...
2022-10-06 23:40:08,775:MemoryController :data»º´æÎ´ÃüÖĞ£¬´ÓNVMÖĞ¶ÁÈ¡...
2022-10-06 23:40:08,775:MemoryController :¿ªÊ¼»ñÈ¡counter
2022-10-06 23:40:08,775:MemoryController :½«data_addr:0×ª»»Îªcounter_addr:0
2022-10-06 23:40:08,775:MemoryController :counter»º´æÎ´ÃüÖĞ£¬´ÓNVMÖĞ»ñÈ¡
2022-10-06 23:40:08,775:MemoryController :´ÓNVMÖĞ»ñÈ¡µÄcounter blockÄÚÈİÈçÏÂ£º
2022-10-06 23:40:08,775:MemoryController :00000000000000000000000000000000000000000000000000000000000000000
2022-10-06 23:40:08,775:MemoryController :¿ªÊ¼ÑéÖ¤counter...
2022-10-06 23:40:55,291:MemoryController :¿ªÊ¼ÄÚ´æ³õÊ¼»¯...
2022-10-06 23:40:55,320:Memory :³õÊ¼»¯BMTÊ÷µÄÊ±¼ä¿ªÏúÎª£º0:00:00.025930£¨Êµ¼ÊÊ±¼ä£©
2022-10-06 23:40:55,320:Memory :±¾´Î·ÂÕæÄÚ´æ´óĞ¡Îª£º2.0MB
2022-10-06 23:40:55,320:Memory :counterµÄÄÚ´æ¿ªÏúÎª£º32.0KB, Õ¼ÄÚ´æ´óĞ¡µÄ1.56% 
2022-10-06 23:40:55,320:Memory :data HMACµÄÄÚ´æ¿ªÏúÎª£º256.0KB, Õ¼ÄÚ´æ´óĞ¡µÄ12.50% 
2022-10-06 23:40:55,320:Memory :BMTÊ÷µÄÄÚ´æ¿ªÏúÎª£º4.5KB, BMTÊ÷µÄ¸ß¶ÈÎª£º4²ã, Õ¼ÄÚ´æ´óĞ¡µÄ0.22%
2022-10-06 23:40:55,320:MemoryController :ÄÚ´æ³õÊ¼»¯Íê³É...
2022-10-06 23:40:55,321:MemoryController :¿ªÊ¼»º´æ³õÊ¼»¯...
2022-10-06 23:40:55,321:MemoryController :dataL2_cacheµÄ´óĞ¡ÉèÖÃÎª64B£¬¾ßÌå²ÎÊıÎª£ºB=64£¬S=1£¬E=1
2022-10-06 23:40:55,321:MemoryController :counter_cacheµÄ´óĞ¡ÉèÖÃÎª64B, ¾ßÌå²ÎÊıÎª£ºB=64£¬S=1£¬E=1
2022-10-06 23:40:55,321:MemoryController :BMT_cacheµÄ´óĞ¡ÉèÖÃÎª64B, ¾ßÌå²ÎÊıÎª£ºB=64£¬S=1£¬E=1
2022-10-06 23:40:55,321:MemoryController :»º´æ³õÊ¼»¯Íê³É...
2022-10-06 23:40:55,321:MemoryController :¿ªÊ¼³õÊ¼»¯¼ÓÃÜ...
2022-10-06 23:41:01,670:MemoryController :³õÊ¼»¯¼ÓÃÜÍê³É...
2022-10-06 23:41:01,670:MemoryController :³õÊ¼»¯¼ÓÃÜºÄÊ±£º0:00:06.348871£¨Êµ¼ÊÊ±¼ä£©
2022-10-06 23:41:01,670:benchmark :¿ªÊ¼ÔËĞĞbenchmark1...
2022-10-06 23:41:01,670:MemoryController :load(0)...
2022-10-06 23:41:01,670:MemoryController :data»º´æÎ´ÃüÖĞ£¬´ÓNVMÖĞ¶ÁÈ¡...
2022-10-06 23:41:01,670:MemoryController :¿ªÊ¼»ñÈ¡counter
2022-10-06 23:41:01,671:MemoryController :½«data_addr:0×ª»»Îªcounter_addr:0
2022-10-06 23:41:01,671:MemoryController :counter»º´æÎ´ÃüÖĞ£¬´ÓNVMÖĞ»ñÈ¡
2022-10-06 23:41:01,671:MemoryController :´ÓNVMÖĞ»ñÈ¡µÄcounter blockÄÚÈİÈçÏÂ£º
2022-10-06 23:41:01,671:MemoryController :00000000000000000000000000000000000000000000000000000000000000000
2022-10-06 23:41:01,671:MemoryController :¿ªÊ¼ÑéÖ¤counter...
2022-10-06 23:43:18,091:MemoryController :¿ªÊ¼ÄÚ´æ³õÊ¼»¯...
2022-10-06 23:43:18,203:Memory :³õÊ¼»¯BMTÊ÷µÄÊ±¼ä¿ªÏúÎª£º0:00:00.080375£¨Êµ¼ÊÊ±¼ä£©
2022-10-06 23:43:18,203:Memory :±¾´Î·ÂÕæÄÚ´æ´óĞ¡Îª£º2.0MB
2022-10-06 23:43:18,203:Memory :counterµÄÄÚ´æ¿ªÏúÎª£º32.0KB, Õ¼ÄÚ´æ´óĞ¡µÄ1.56% 
2022-10-06 23:43:18,203:Memory :data HMACµÄÄÚ´æ¿ªÏúÎª£º256.0KB, Õ¼ÄÚ´æ´óĞ¡µÄ12.50% 
2022-10-06 23:43:18,203:Memory :BMTÊ÷µÄÄÚ´æ¿ªÏúÎª£º4.5KB, BMTÊ÷µÄ¸ß¶ÈÎª£º4²ã, Õ¼ÄÚ´æ´óĞ¡µÄ0.22%
2022-10-06 23:43:18,203:MemoryController :ÄÚ´æ³õÊ¼»¯Íê³É...
2022-10-06 23:43:18,203:MemoryController :¿ªÊ¼»º´æ³õÊ¼»¯...
2022-10-06 23:43:18,204:MemoryController :dataL2_cacheµÄ´óĞ¡ÉèÖÃÎª64B£¬¾ßÌå²ÎÊıÎª£ºB=64£¬S=1£¬E=1
2022-10-06 23:43:18,204:MemoryController :counter_cacheµÄ´óĞ¡ÉèÖÃÎª64B, ¾ßÌå²ÎÊıÎª£ºB=64£¬S=1£¬E=1
2022-10-06 23:43:18,204:MemoryController :BMT_cacheµÄ´óĞ¡ÉèÖÃÎª64B, ¾ßÌå²ÎÊıÎª£ºB=64£¬S=1£¬E=1
2022-10-06 23:43:18,204:MemoryController :»º´æ³õÊ¼»¯Íê³É...
2022-10-06 23:43:18,204:MemoryController :¿ªÊ¼³õÊ¼»¯¼ÓÃÜ...
2022-10-06 23:43:20,505:MemoryController :³õÊ¼»¯¼ÓÃÜÍê³É...
2022-10-06 23:43:20,505:MemoryController :³õÊ¼»¯¼ÓÃÜºÄÊ±£º0:00:02.301165£¨Êµ¼ÊÊ±¼ä£©
2022-10-06 23:43:20,505:benchmark :¿ªÊ¼ÔËĞĞbenchmark1...
2022-10-06 23:43:20,505:MemoryController :load(0)...
2022-10-06 23:43:20,505:MemoryController :data»º´æÎ´ÃüÖĞ£¬´ÓNVMÖĞ¶ÁÈ¡...
2022-10-06 23:43:20,505:MemoryController :¿ªÊ¼»ñÈ¡counter
2022-10-06 23:43:20,505:MemoryController :½«data_addr:0×ª»»Îªcounter_addr:0
2022-10-06 23:43:20,505:MemoryController :counter»º´æÎ´ÃüÖĞ£¬´ÓNVMÖĞ»ñÈ¡
2022-10-06 23:43:20,505:MemoryController :´ÓNVMÖĞ»ñÈ¡µÄcounter blockÄÚÈİÈçÏÂ£º
2022-10-06 23:43:20,505:MemoryController :00000000000000000000000000000000000000000000000000000000000000000
2022-10-06 23:43:20,505:MemoryController :¿ªÊ¼ÑéÖ¤counter...
2022-10-06 23:45:05,016:MemoryController :¿ªÊ¼ÄÚ´æ³õÊ¼»¯...
2022-10-06 23:45:05,044:Memory :³õÊ¼»¯BMTÊ÷µÄÊ±¼ä¿ªÏúÎª£º0:00:00.026928£¨Êµ¼ÊÊ±¼ä£©
2022-10-06 23:45:05,044:Memory :±¾´Î·ÂÕæÄÚ´æ´óĞ¡Îª£º2.0MB
2022-10-06 23:45:05,044:Memory :counterµÄÄÚ´æ¿ªÏúÎª£º32.0KB, Õ¼ÄÚ´æ´óĞ¡µÄ1.56% 
2022-10-06 23:45:05,045:Memory :data HMACµÄÄÚ´æ¿ªÏúÎª£º256.0KB, Õ¼ÄÚ´æ´óĞ¡µÄ12.50% 
2022-10-06 23:45:05,045:Memory :BMTÊ÷µÄÄÚ´æ¿ªÏúÎª£º4.5KB, BMTÊ÷µÄ¸ß¶ÈÎª£º4²ã, Õ¼ÄÚ´æ´óĞ¡µÄ0.22%
2022-10-06 23:45:05,045:MemoryController :ÄÚ´æ³õÊ¼»¯Íê³É...
2022-10-06 23:45:05,045:MemoryController :¿ªÊ¼»º´æ³õÊ¼»¯...
2022-10-06 23:45:05,045:MemoryController :dataL2_cacheµÄ´óĞ¡ÉèÖÃÎª64B£¬¾ßÌå²ÎÊıÎª£ºB=64£¬S=1£¬E=1
2022-10-06 23:45:05,046:MemoryController :counter_cacheµÄ´óĞ¡ÉèÖÃÎª64B, ¾ßÌå²ÎÊıÎª£ºB=64£¬S=1£¬E=1
2022-10-06 23:45:05,046:MemoryController :BMT_cacheµÄ´óĞ¡ÉèÖÃÎª64B, ¾ßÌå²ÎÊıÎª£ºB=64£¬S=1£¬E=1
2022-10-06 23:45:05,046:MemoryController :»º´æ³õÊ¼»¯Íê³É...
2022-10-06 23:45:05,046:MemoryController :¿ªÊ¼³õÊ¼»¯¼ÓÃÜ...
2022-10-06 23:45:11,399:MemoryController :³õÊ¼»¯¼ÓÃÜÍê³É...
2022-10-06 23:45:11,399:MemoryController :³õÊ¼»¯¼ÓÃÜºÄÊ±£º0:00:06.352447£¨Êµ¼ÊÊ±¼ä£©
2022-10-06 23:45:11,400:benchmark :¿ªÊ¼ÔËĞĞbenchmark1...
2022-10-06 23:45:11,400:MemoryController :load(0)...
2022-10-06 23:45:11,400:MemoryController :data»º´æÎ´ÃüÖĞ£¬´ÓNVMÖĞ¶ÁÈ¡...
2022-10-06 23:45:11,400:MemoryController :¿ªÊ¼»ñÈ¡counter
2022-10-06 23:45:11,400:MemoryController :½«data_addr:0×ª»»Îªcounter_addr:0
2022-10-06 23:45:11,400:MemoryController :counter»º´æÎ´ÃüÖĞ£¬´ÓNVMÖĞ»ñÈ¡
2022-10-06 23:45:11,401:MemoryController :´ÓNVMÖĞ»ñÈ¡µÄcounter blockÄÚÈİÈçÏÂ£º
2022-10-06 23:45:11,401:MemoryController :00000000000000000000000000000000000000000000000000000000000000000
2022-10-06 23:45:11,401:MemoryController :¿ªÊ¼ÑéÖ¤counter...
2022-10-06 23:49:46,836:MemoryController :¿ªÊ¼ÄÚ´æ³õÊ¼»¯...
2022-10-06 23:49:46,926:Memory :³õÊ¼»¯BMTÊ÷µÄÊ±¼ä¿ªÏúÎª£º0:00:00.061486£¨Êµ¼ÊÊ±¼ä£©
2022-10-06 23:49:46,927:Memory :±¾´Î·ÂÕæÄÚ´æ´óĞ¡Îª£º2.0MB
2022-10-06 23:49:46,927:Memory :counterµÄÄÚ´æ¿ªÏúÎª£º32.0KB, Õ¼ÄÚ´æ´óĞ¡µÄ1.56% 
2022-10-06 23:49:46,927:Memory :data HMACµÄÄÚ´æ¿ªÏúÎª£º256.0KB, Õ¼ÄÚ´æ´óĞ¡µÄ12.50% 
2022-10-06 23:49:46,927:Memory :BMTÊ÷µÄÄÚ´æ¿ªÏúÎª£º4.5KB, BMTÊ÷µÄ¸ß¶ÈÎª£º4²ã, Õ¼ÄÚ´æ´óĞ¡µÄ0.22%
2022-10-06 23:49:46,927:MemoryController :ÄÚ´æ³õÊ¼»¯Íê³É...
2022-10-06 23:49:46,927:MemoryController :¿ªÊ¼»º´æ³õÊ¼»¯...
2022-10-06 23:49:46,927:MemoryController :dataL2_cacheµÄ´óĞ¡ÉèÖÃÎª64B£¬¾ßÌå²ÎÊıÎª£ºB=64£¬S=1£¬E=1
2022-10-06 23:49:46,927:MemoryController :counter_cacheµÄ´óĞ¡ÉèÖÃÎª64B, ¾ßÌå²ÎÊıÎª£ºB=64£¬S=1£¬E=1
2022-10-06 23:49:46,927:MemoryController :BMT_cacheµÄ´óĞ¡ÉèÖÃÎª64B, ¾ßÌå²ÎÊıÎª£ºB=64£¬S=1£¬E=1
2022-10-06 23:49:46,927:MemoryController :»º´æ³õÊ¼»¯Íê³É...
2022-10-06 23:49:46,927:MemoryController :¿ªÊ¼³õÊ¼»¯¼ÓÃÜ...
2022-10-06 23:49:49,318:MemoryController :³õÊ¼»¯¼ÓÃÜÍê³É...
2022-10-06 23:49:49,319:MemoryController :³õÊ¼»¯¼ÓÃÜºÄÊ±£º0:00:02.390913£¨Êµ¼ÊÊ±¼ä£©
2022-10-06 23:49:49,319:benchmark :¿ªÊ¼ÔËĞĞbenchmark1...
2022-10-06 23:49:49,319:MemoryController :load(0)...
2022-10-06 23:49:49,319:MemoryController :data»º´æÎ´ÃüÖĞ£¬´ÓNVMÖĞ¶ÁÈ¡...
2022-10-06 23:49:49,319:MemoryController :¿ªÊ¼»ñÈ¡counter
2022-10-06 23:49:49,319:MemoryController :½«data_addr:0×ª»»Îªcounter_addr:0
2022-10-06 23:49:49,319:MemoryController :counter»º´æÎ´ÃüÖĞ£¬´ÓNVMÖĞ»ñÈ¡
2022-10-06 23:49:49,319:MemoryController :´ÓNVMÖĞ»ñÈ¡µÄcounter blockÄÚÈİÈçÏÂ£º
2022-10-06 23:49:49,319:MemoryController :00000000000000000000000000000000000000000000000000000000000000000
2022-10-06 23:49:49,319:MemoryController :¿ªÊ¼ÑéÖ¤counter...
2022-10-06 23:50:45,354:MemoryController :¿ªÊ¼ÄÚ´æ³õÊ¼»¯...
2022-10-06 23:50:45,452:Memory :³õÊ¼»¯BMTÊ÷µÄÊ±¼ä¿ªÏúÎª£º0:00:00.078171£¨Êµ¼ÊÊ±¼ä£©
2022-10-06 23:50:45,452:Memory :±¾´Î·ÂÕæÄÚ´æ´óĞ¡Îª£º2.0MB
2022-10-06 23:50:45,452:Memory :counterµÄÄÚ´æ¿ªÏúÎª£º32.0KB, Õ¼ÄÚ´æ´óĞ¡µÄ1.56% 
2022-10-06 23:50:45,452:Memory :data HMACµÄÄÚ´æ¿ªÏúÎª£º256.0KB, Õ¼ÄÚ´æ´óĞ¡µÄ12.50% 
2022-10-06 23:50:45,452:Memory :BMTÊ÷µÄÄÚ´æ¿ªÏúÎª£º4.5KB, BMTÊ÷µÄ¸ß¶ÈÎª£º4²ã, Õ¼ÄÚ´æ´óĞ¡µÄ0.22%
2022-10-06 23:50:45,452:MemoryController :ÄÚ´æ³õÊ¼»¯Íê³É...
2022-10-06 23:50:45,453:MemoryController :¿ªÊ¼»º´æ³õÊ¼»¯...
2022-10-06 23:50:45,453:MemoryController :dataL2_cacheµÄ´óĞ¡ÉèÖÃÎª64B£¬¾ßÌå²ÎÊıÎª£ºB=64£¬S=1£¬E=1
2022-10-06 23:50:45,453:MemoryController :counter_cacheµÄ´óĞ¡ÉèÖÃÎª64B, ¾ßÌå²ÎÊıÎª£ºB=64£¬S=1£¬E=1
2022-10-06 23:50:45,453:MemoryController :BMT_cacheµÄ´óĞ¡ÉèÖÃÎª64B, ¾ßÌå²ÎÊıÎª£ºB=64£¬S=1£¬E=1
2022-10-06 23:50:45,453:MemoryController :»º´æ³õÊ¼»¯Íê³É...
2022-10-06 23:50:45,453:MemoryController :¿ªÊ¼³õÊ¼»¯¼ÓÃÜ...
2022-10-06 23:50:47,725:MemoryController :³õÊ¼»¯¼ÓÃÜÍê³É...
2022-10-06 23:50:47,725:MemoryController :³õÊ¼»¯¼ÓÃÜºÄÊ±£º0:00:02.272164£¨Êµ¼ÊÊ±¼ä£©
2022-10-06 23:50:47,725:benchmark :¿ªÊ¼ÔËĞĞbenchmark1...
2022-10-06 23:50:47,725:MemoryController :load(0)...
2022-10-06 23:50:47,726:MemoryController :data»º´æÎ´ÃüÖĞ£¬´ÓNVMÖĞ¶ÁÈ¡...
2022-10-06 23:50:47,726:MemoryController :¿ªÊ¼»ñÈ¡counter
2022-10-06 23:50:47,726:MemoryController :½«data_addr:0×ª»»Îªcounter_addr:0
2022-10-06 23:50:47,726:MemoryController :counter»º´æÎ´ÃüÖĞ£¬´ÓNVMÖĞ»ñÈ¡
2022-10-06 23:50:47,726:MemoryController :´ÓNVMÖĞ»ñÈ¡µÄcounter blockÄÚÈİÈçÏÂ£º
2022-10-06 23:50:47,726:MemoryController :00000000000000000000000000000000000000000000000000000000000000000
2022-10-06 23:50:47,726:MemoryController :¿ªÊ¼ÑéÖ¤counter...
2022-10-06 23:50:47,733:MemoryController :BMTÊ÷ÑéÖ¤counter³É¹¦
2022-10-06 23:50:47,733:MemoryController :BMTÊ÷ÑéÖ¤counter³É¹¦
2022-10-06 23:50:47,733:MemoryController :BMTÊ÷ÑéÖ¤counter³É¹¦
2022-10-06 23:50:47,733:MemoryController :counterÑéÖ¤Í¨¹ı...
2022-10-06 23:50:47,733:MemoryController :¿ªÊ¼½«counter²åÈë»º´æ...
2022-10-06 23:50:47,733:MemoryController :ÕÒµ½¿ÕÏĞĞĞ£¬½«counter block²åÈëcounter_cacheµÄµÚ0×é£¬µÚ0ĞĞ
2022-10-06 23:50:47,733:MemoryController :counter²åÈë»º´æ½áÊø...
2022-10-06 23:50:47,733:MemoryController :³É¹¦»ñÈ¡counter£¬´òÓ¡counterÖµÈçÏÂ£ºmajor counter:0, minor counter:0
2022-10-06 23:50:47,734:MemoryController :´ÓNVMÖĞ¶ÁÈ¡ÃÜÎÄ£ºj~SdDt}yYrj@V|dZy@H~}TQuE	GYqEUA^cCQGAj{g`JYsB
2022-10-06 23:50:47,734:MemoryController :´ÓNVMÖĞ¶ÁÈ¡dataHMAC£º58fca48dbf065cdad7cc24e351cf1959cc93e9e1e06c214b682511b91941181b
2022-10-06 23:50:47,734:MemoryController :¿ªÊ¼½øĞĞdataHMACÑéÖ¤...
2022-10-06 23:50:47,734:MemoryController :CPU¼ÆËãdataHMAC£º58fca48dbf065cdad7cc24e351cf1959cc93e9e1e06c214b682511b91941181b
2022-10-06 23:50:47,734:MemoryController :dataHMACÑéÖ¤Í¨¹ı...
2022-10-06 23:50:47,734:MemoryController :¿ªÊ¼½âÃÜ...
2022-10-06 23:50:47,734:MemoryController :½âÃÜÍê³É£¬Ã÷ÎÄĞÅÏ¢Îª£º0000000000000000000000000000000000000000000000000000000000000000
2022-10-06 23:50:47,734:MemoryController :¿ªÊ¼½«½âÃÜºóµÄÃ÷ÎÄÊı¾İ²åÈëdata»º´æ...
2022-10-06 23:50:47,734:MemoryController :ÕÒµ½¿ÕÏĞĞĞ£¬½«Êı¾İ²åÈëdataL2_cahceµÄµÚ0×é£¬µÚ0ĞĞ
2022-10-06 23:50:47,734:MemoryController :Êı¾İ²åÈë»º´æ½áÊø...
2022-10-06 23:50:47,734:MemoryController :½«Êı¾İ·µ»Ø¸øCPU:0000000000000000000000000000000000000000000000000000000000000000
2022-10-06 23:50:47,734:MemoryController :load(0)³É¹¦...
2022-10-06 23:50:47,734:MemoryController :load(32768)...
2022-10-06 23:50:47,734:MemoryController :data»º´æÎ´ÃüÖĞ£¬´ÓNVMÖĞ¶ÁÈ¡...
2022-10-06 23:50:47,734:MemoryController :¿ªÊ¼»ñÈ¡counter
2022-10-06 23:50:47,735:MemoryController :½«data_addr:32768×ª»»Îªcounter_addr:512
2022-10-06 23:50:47,735:MemoryController :counter»º´æÎ´ÃüÖĞ£¬´ÓNVMÖĞ»ñÈ¡
2022-10-06 23:50:47,735:MemoryController :´ÓNVMÖĞ»ñÈ¡µÄcounter blockÄÚÈİÈçÏÂ£º
2022-10-06 23:50:47,735:MemoryController :00000000000000000000000000000000000000000000000000000000000000000
2022-10-06 23:50:47,735:MemoryController :¿ªÊ¼ÑéÖ¤counter...
2022-10-06 23:50:47,749:MemoryController :BMTÊ÷ÑéÖ¤counter³É¹¦
2022-10-06 23:50:47,749:MemoryController :BMTÊ÷ÑéÖ¤counter³É¹¦
2022-10-06 23:50:47,749:MemoryController :BMTÊ÷ÑéÖ¤counter³É¹¦
2022-10-06 23:50:47,750:MemoryController :counterÑéÖ¤Í¨¹ı...
2022-10-06 23:50:47,750:MemoryController :¿ªÊ¼½«counter²åÈë»º´æ...
2022-10-06 23:50:47,750:MemoryController :Î´ÕÒµ½¿ÕÏĞĞĞ£¬½«ÇıÖğµÚ0×éµÚ0ĞĞ£¬ÇıÖğĞĞµ±Ç°dirty±ê¼ÇÎª0
2022-10-06 23:50:47,750:MemoryController :counter²åÈë»º´æ½áÊø...
2022-10-06 23:50:47,750:MemoryController :³É¹¦»ñÈ¡counter£¬´òÓ¡counterÖµÈçÏÂ£ºmajor counter:0, minor counter:0
2022-10-06 23:50:47,750:MemoryController :´ÓNVMÖĞ¶ÁÈ¡ÃÜÎÄ£ºj~SdDt}yYrj@V|dZy@H~}TQuE	GYqEUA^cCQGAj{g`JYsB
2022-10-06 23:50:47,750:MemoryController :´ÓNVMÖĞ¶ÁÈ¡dataHMAC£ºc8e2223541b8794bceefdccd13df45c3698bf440edc60b652d806b7d200820e0
2022-10-06 23:50:47,750:MemoryController :¿ªÊ¼½øĞĞdataHMACÑéÖ¤...
2022-10-06 23:50:47,750:MemoryController :CPU¼ÆËãdataHMAC£ºc8e2223541b8794bceefdccd13df45c3698bf440edc60b652d806b7d200820e0
2022-10-06 23:50:47,750:MemoryController :dataHMACÑéÖ¤Í¨¹ı...
2022-10-06 23:50:47,750:MemoryController :¿ªÊ¼½âÃÜ...
2022-10-06 23:50:47,750:MemoryController :½âÃÜÍê³É£¬Ã÷ÎÄĞÅÏ¢Îª£º0000000000000000000000000000000000000000000000000000000000000000
2022-10-06 23:50:47,750:MemoryController :¿ªÊ¼½«½âÃÜºóµÄÃ÷ÎÄÊı¾İ²åÈëdata»º´æ...
2022-10-06 23:50:47,750:MemoryController :Î´ÕÒµ½¿ÕÏĞĞĞ£¬ĞèÒªÇıÖğµÚ0×é£¬µÚ0ĞĞ£¬ÇıÖğĞĞµ±Ç°dirty×´Ì¬Îª£º0
2022-10-06 23:50:47,751:MemoryController :Êı¾İ²åÈë»º´æ½áÊø...
2022-10-06 23:50:47,751:MemoryController :½«Êı¾İ·µ»Ø¸øCPU:0000000000000000000000000000000000000000000000000000000000000000
2022-10-06 23:50:47,751:MemoryController :load(32768)³É¹¦...
2022-10-06 23:50:47,751:benchmark :benchmark1ºÄÊ±£º0:00:00.025538
